
Memory Configuration

Name             Origin             Length             Attributes
*default*        0x0000000000000000 0xffffffffffffffff

Linker script and memory map

                0x0000000000080000                . = 0x80000

.text.boot      0x0000000000080000       0x30
 *(.text.boot)
 .text.boot     0x0000000000080000       0x30 build/boot_s.o
                0x0000000000080000                _start

.text           0x0000000000080030      0x2d8
 *(.text)
 .text          0x0000000000080030      0x228 build/pl_uart_c.o
                0x0000000000080030                uart_send
                0x0000000000080080                uart_recv
                0x00000000000800c8                uart_send_string
                0x0000000000080120                uart_init
 .text          0x0000000000080258       0x78 build/kernel_c.o
                0x0000000000080258                kernel_main
 .text          0x00000000000802d0       0x10 build/mm_s.o
                0x00000000000802d0                memzero
 .text          0x00000000000802e0        0x0 build/boot_s.o
 .text          0x00000000000802e0       0x28 build/asm_test_s.o
                0x00000000000802e0                my_atomic_write

.iplt           0x0000000000080308        0x0
 .iplt          0x0000000000080308        0x0 build/pl_uart_c.o

.rodata         0x0000000000080308       0x2c
 *(.rodata)
 .rodata        0x0000000000080308       0x2c build/kernel_c.o

.rela.dyn       0x0000000000080338        0x0
 .rela.iplt     0x0000000000080338        0x0 build/pl_uart_c.o

.data           0x0000000000080338        0x8
 *(.data)
 .data          0x0000000000080338        0x0 build/pl_uart_c.o
 .data          0x0000000000080338        0x0 build/kernel_c.o
 .data          0x0000000000080338        0x0 build/mm_s.o
 .data          0x0000000000080338        0x0 build/boot_s.o
 .data          0x0000000000080338        0x8 build/asm_test_s.o
                0x0000000000080338                my_test_data

.igot.plt       0x0000000000080340        0x0
 .igot.plt      0x0000000000080340        0x0 build/pl_uart_c.o
                0x0000000000080340                . = ALIGN (0x8)
                0x0000000000080340                bss_begin = .

.bss            0x0000000000080340        0x0
 *(.bss*)
 .bss           0x0000000000080340        0x0 build/pl_uart_c.o
 .bss           0x0000000000080340        0x0 build/kernel_c.o
 .bss           0x0000000000080340        0x0 build/mm_s.o
 .bss           0x0000000000080340        0x0 build/boot_s.o
 .bss           0x0000000000080340        0x0 build/asm_test_s.o
                0x0000000000080340                bss_end = .
                0x0000000000081000                . = ALIGN (0x1000)
                0x0000000000081000                init_pg_dir = .
                0x0000000000082000                . = (. + 0x1000)
LOAD build/pl_uart_c.o
LOAD build/kernel_c.o
LOAD build/mm_s.o
LOAD build/boot_s.o
LOAD build/asm_test_s.o
OUTPUT(build/benos.elf elf64-littleaarch64)

.debug_info     0x0000000000000000      0x468
 .debug_info    0x0000000000000000      0x2e1 build/pl_uart_c.o
 .debug_info    0x00000000000002e1       0x68 build/kernel_c.o
 .debug_info    0x0000000000000349       0x5d build/mm_s.o
 .debug_info    0x00000000000003a6       0x5f build/boot_s.o
 .debug_info    0x0000000000000405       0x63 build/asm_test_s.o

.debug_abbrev   0x0000000000000000      0x16f
 .debug_abbrev  0x0000000000000000       0xdc build/pl_uart_c.o
 .debug_abbrev  0x00000000000000dc       0x57 build/kernel_c.o
 .debug_abbrev  0x0000000000000133       0x14 build/mm_s.o
 .debug_abbrev  0x0000000000000147       0x14 build/boot_s.o
 .debug_abbrev  0x000000000000015b       0x14 build/asm_test_s.o

.debug_aranges  0x0000000000000000       0xf0
 .debug_aranges
                0x0000000000000000       0x30 build/pl_uart_c.o
 .debug_aranges
                0x0000000000000030       0x30 build/kernel_c.o
 .debug_aranges
                0x0000000000000060       0x30 build/mm_s.o
 .debug_aranges
                0x0000000000000090       0x30 build/boot_s.o
 .debug_aranges
                0x00000000000000c0       0x30 build/asm_test_s.o

.debug_line     0x0000000000000000      0x195
 .debug_line    0x0000000000000000       0x7d build/pl_uart_c.o
 .debug_line    0x000000000000007d       0x4c build/kernel_c.o
 .debug_line    0x00000000000000c9       0x3d build/mm_s.o
 .debug_line    0x0000000000000106       0x47 build/boot_s.o
 .debug_line    0x000000000000014d       0x48 build/asm_test_s.o

.debug_str      0x0000000000000000       0xdd
 .debug_str     0x0000000000000000       0xb7 build/pl_uart_c.o
 .debug_str     0x00000000000000b7       0x26 build/kernel_c.o
                                         0x85 (size before relaxing)

.comment        0x0000000000000000       0x24
 .comment       0x0000000000000000       0x24 build/pl_uart_c.o
                                         0x25 (size before relaxing)
 .comment       0x0000000000000024       0x25 build/kernel_c.o

.note.GNU-stack
                0x0000000000000000        0x0
 .note.GNU-stack
                0x0000000000000000        0x0 build/pl_uart_c.o
 .note.GNU-stack
                0x0000000000000000        0x0 build/kernel_c.o

.debug_frame    0x0000000000000000       0xd0
 .debug_frame   0x0000000000000000       0x98 build/pl_uart_c.o
 .debug_frame   0x0000000000000098       0x38 build/kernel_c.o
