
Memory Configuration

Name             Origin             Length             Attributes
*default*        0x0000000000000000 0xffffffffffffffff

Linker script and memory map

                0x0000000000090000                TEXT_ROM = 0x90000
                0x0000000000080000                . = 0x80000
                0x0000000000080000                _text_boot = .

.text.boot      0x0000000000080000       0xd8
 *(.text.boot)
 .text.boot     0x0000000000080000       0xd8 build/boot_s.o
                0x0000000000080000                _start
                0x00000000000800d8                _etext_boot = .
                0x00000000000800d8                _text = .

.text           0x0000000000080800     0x2968
 *(.text)
 .text          0x0000000000080800     0x11a4 build/printk_c.o
                0x0000000000080c5c                myprintf
                0x00000000000817c4                init_printk_done
                0x000000000008184c                printk
 .text          0x00000000000819a4       0xa8 build/string_c.o
                0x00000000000819a4                strlen
                0x00000000000819e8                memcpy
 .text          0x0000000000081a4c      0x24c build/pl_uart_c.o
                0x0000000000081a4c                uart_send
                0x0000000000081a9c                putchar
                0x0000000000081abc                uart_recv
                0x0000000000081b04                uart_send_string
                0x0000000000081b60                uart_init
 .text          0x0000000000081c98      0x5a8 build/gic_v2_c.o
                0x0000000000081d4c                gicv2_mask_irq
                0x0000000000081d70                gicv2_unmask_irq
                0x0000000000081d94                gicv2_eoi_irq
                0x000000000008204c                gic_cpu_init
                0x00000000000820f0                gic_handle_irq
                0x000000000008215c                gic_init
 .text          0x0000000000082240      0x120 build/kernel_c.o
                0x0000000000082240                bad_mode
                0x0000000000082290                irq_handle
                0x00000000000822a8                handle_timer_irq
                0x00000000000822d4                kernel_main
 .text          0x0000000000082360       0xe8 build/early_uart_s.o
                0x0000000000082360                __init_uart
                0x00000000000823c4                put_uart
                0x00000000000823e4                put_string_uart
 .text          0x0000000000082448       0x48 build/timer_s.o
                0x0000000000082448                arch_enable_daif
                0x0000000000082450                arch_disable_daif
                0x0000000000082458                timer_ps0_set_value
                0x0000000000082460                timer_ps0_enable
                0x0000000000082470                timer_ps0_init
 *fill*         0x0000000000082490      0x370 
 .text          0x0000000000082800      0x958 build/entry_s.o
                0x0000000000082800                vectors
 .text          0x0000000000083158       0x10 build/mm_s.o
                0x0000000000083158                memzero
 .text          0x0000000000083168        0x0 build/boot_s.o
 .text          0x0000000000083168        0x0 build/asm_test_s.o
                0x0000000000083168                _etext = .
                0x0000000000083168                _rodata = .

.iplt           0x0000000000083168        0x0
 .iplt          0x0000000000083168        0x0 build/printk_c.o

.rodata         0x0000000000083168      0x1a6
 *(.rodata)
 .rodata        0x0000000000083168       0x57 build/printk_c.o
 *fill*         0x00000000000831bf        0x1 
 .rodata        0x00000000000831c0       0x39 build/gic_v2_c.o
 *fill*         0x00000000000831f9        0x7 
 .rodata        0x0000000000083200       0xfd build/kernel_c.o
 *fill*         0x00000000000832fd        0x3 
 .rodata        0x0000000000083300        0xe build/boot_s.o
                0x0000000000083300                el_string1
                0x000000000008330e                _erodata = .
                0x000000000008330e                _data = .

.rela.dyn       0x0000000000083310        0x0
 .rela.iplt     0x0000000000083310        0x0 build/printk_c.o
 .rela.text.boot
                0x0000000000083310        0x0 build/printk_c.o

.data           0x0000000000083310        0xc
 *(.data)
 .data          0x0000000000083310        0x8 build/printk_c.o
 .data          0x0000000000083318        0x0 build/string_c.o
 .data          0x0000000000083318        0x0 build/pl_uart_c.o
 .data          0x0000000000083318        0x0 build/gic_v2_c.o
 .data          0x0000000000083318        0x4 build/kernel_c.o
 .data          0x000000000008331c        0x0 build/early_uart_s.o
 .data          0x000000000008331c        0x0 build/timer_s.o
 .data          0x000000000008331c        0x0 build/entry_s.o
 .data          0x000000000008331c        0x0 build/mm_s.o
 .data          0x000000000008331c        0x0 build/boot_s.o
 .data          0x000000000008331c        0x0 build/asm_test_s.o
                0x000000000008331c                _edata = .

.igot.plt       0x0000000000083320        0x0
 .igot.plt      0x0000000000083320        0x0 build/printk_c.o
                0x0000000000083320                . = ALIGN (0x8)
                0x0000000000083320                _bss = .

.bss            0x0000000000083320    0x20438
 *(.bss*)
 .bss           0x0000000000083320    0x20410 build/printk_c.o
 .bss           0x00000000000a3730        0x0 build/string_c.o
 .bss           0x00000000000a3730        0x0 build/pl_uart_c.o
 .bss           0x00000000000a3730       0x28 build/gic_v2_c.o
 .bss           0x00000000000a3758        0x0 build/kernel_c.o
 .bss           0x00000000000a3758        0x0 build/early_uart_s.o
 .bss           0x00000000000a3758        0x0 build/timer_s.o
 .bss           0x00000000000a3758        0x0 build/entry_s.o
 .bss           0x00000000000a3758        0x0 build/mm_s.o
 .bss           0x00000000000a3758        0x0 build/boot_s.o
 .bss           0x00000000000a3758        0x0 build/asm_test_s.o
                0x00000000000a3758                _ebss = .
                0x00000000000a4000                . = ALIGN (0x1000)
                0x00000000000a4000                init_pg_dir = .
                0x00000000000a5000                . = (. + 0x1000)
LOAD build/printk_c.o
LOAD build/string_c.o
LOAD build/pl_uart_c.o
LOAD build/gic_v2_c.o
LOAD build/kernel_c.o
LOAD build/early_uart_s.o
LOAD build/timer_s.o
LOAD build/entry_s.o
LOAD build/mm_s.o
LOAD build/boot_s.o
LOAD build/asm_test_s.o
OUTPUT(build/benos.elf elf64-littleaarch64)
LOAD linker stubs

.debug_info     0x0000000000000000     0x1244
 .debug_info    0x0000000000000000      0x4dd build/printk_c.o
 .debug_info    0x00000000000004dd       0xfd build/string_c.o
 .debug_info    0x00000000000005da      0x30e build/pl_uart_c.o
 .debug_info    0x00000000000008e8      0x630 build/gic_v2_c.o
 .debug_info    0x0000000000000f18      0x261 build/kernel_c.o
 .debug_info    0x0000000000001179       0x29 build/early_uart_s.o
 .debug_info    0x00000000000011a2       0x28 build/timer_s.o
 .debug_info    0x00000000000011ca       0x29 build/entry_s.o
 .debug_info    0x00000000000011f3       0x28 build/mm_s.o
 .debug_info    0x000000000000121b       0x29 build/boot_s.o

.debug_abbrev   0x0000000000000000      0x734
 .debug_abbrev  0x0000000000000000      0x1e2 build/printk_c.o
 .debug_abbrev  0x00000000000001e2       0xba build/string_c.o
 .debug_abbrev  0x000000000000029c       0xea build/pl_uart_c.o
 .debug_abbrev  0x0000000000000386      0x1ce build/gic_v2_c.o
 .debug_abbrev  0x0000000000000554      0x17c build/kernel_c.o
 .debug_abbrev  0x00000000000006d0       0x14 build/early_uart_s.o
 .debug_abbrev  0x00000000000006e4       0x14 build/timer_s.o
 .debug_abbrev  0x00000000000006f8       0x14 build/entry_s.o
 .debug_abbrev  0x000000000000070c       0x14 build/mm_s.o
 .debug_abbrev  0x0000000000000720       0x14 build/boot_s.o

.debug_aranges  0x0000000000000000      0x1e0
 .debug_aranges
                0x0000000000000000       0x30 build/printk_c.o
 .debug_aranges
                0x0000000000000030       0x30 build/string_c.o
 .debug_aranges
                0x0000000000000060       0x30 build/pl_uart_c.o
 .debug_aranges
                0x0000000000000090       0x30 build/gic_v2_c.o
 .debug_aranges
                0x00000000000000c0       0x30 build/kernel_c.o
 .debug_aranges
                0x00000000000000f0       0x30 build/early_uart_s.o
 .debug_aranges
                0x0000000000000120       0x30 build/timer_s.o
 .debug_aranges
                0x0000000000000150       0x30 build/entry_s.o
 .debug_aranges
                0x0000000000000180       0x30 build/mm_s.o
 .debug_aranges
                0x00000000000001b0       0x30 build/boot_s.o

.debug_line     0x0000000000000000      0xa99
 .debug_line    0x0000000000000000      0x4df build/printk_c.o
 .debug_line    0x00000000000004df       0x8e build/string_c.o
 .debug_line    0x000000000000056d       0xe4 build/pl_uart_c.o
 .debug_line    0x0000000000000651      0x1a8 build/gic_v2_c.o
 .debug_line    0x00000000000007f9       0x89 build/kernel_c.o
 .debug_line    0x0000000000000882       0x75 build/early_uart_s.o
 .debug_line    0x00000000000008f7       0x5b build/timer_s.o
 .debug_line    0x0000000000000952       0x80 build/entry_s.o
 .debug_line    0x00000000000009d2       0x4e build/mm_s.o
 .debug_line    0x0000000000000a20       0x79 build/boot_s.o

.debug_str      0x0000000000000000      0x443
 .debug_str     0x0000000000000000      0x1eb build/printk_c.o
                                        0x24d (size before relaxing)
 .debug_str     0x00000000000001eb        0xb build/string_c.o
                                         0x7c (size before relaxing)
 .debug_str     0x00000000000001f6       0x38 build/pl_uart_c.o
                                         0x9c (size before relaxing)
 .debug_str     0x000000000000022e      0x128 build/gic_v2_c.o
                                        0x1ce (size before relaxing)
 .debug_str     0x0000000000000356       0x8a build/kernel_c.o
                                        0x16d (size before relaxing)
 .debug_str     0x00000000000003e0       0x47 build/early_uart_s.o
 .debug_str     0x0000000000000427        0x8 build/timer_s.o
                                         0x42 (size before relaxing)
 .debug_str     0x000000000000042f        0x8 build/entry_s.o
                                         0x42 (size before relaxing)
 .debug_str     0x0000000000000437        0x5 build/mm_s.o
                                         0x3f (size before relaxing)
 .debug_str     0x000000000000043c        0x7 build/boot_s.o
                                         0x41 (size before relaxing)

.debug_line_str
                0x0000000000000000      0x1ac
 .debug_line_str
                0x0000000000000000      0x13c build/printk_c.o
                                        0x180 (size before relaxing)
 .debug_line_str
                0x000000000000013c        0xd build/string_c.o
                                         0x83 (size before relaxing)
 .debug_line_str
                0x0000000000000149        0xe build/pl_uart_c.o
                                         0x86 (size before relaxing)
 .debug_line_str
                0x0000000000000157       0x1f build/gic_v2_c.o
                                         0x95 (size before relaxing)
 .debug_line_str
                0x0000000000000176        0xd build/kernel_c.o
                                         0x92 (size before relaxing)
 .debug_line_str
                0x0000000000000183        0xd build/early_uart_s.o
                                         0x22 (size before relaxing)
 .debug_line_str
                0x0000000000000190        0x8 build/timer_s.o
                                         0x18 (size before relaxing)
 .debug_line_str
                0x0000000000000198        0x8 build/entry_s.o
                                         0x18 (size before relaxing)
 .debug_line_str
                0x00000000000001a0        0x5 build/mm_s.o
                                         0x12 (size before relaxing)
 .debug_line_str
                0x00000000000001a5        0x7 build/boot_s.o
                                         0x16 (size before relaxing)

.comment        0x0000000000000000       0x57
 .comment       0x0000000000000000       0x57 build/printk_c.o
                                         0x58 (size before relaxing)
 .comment       0x0000000000000057       0x58 build/string_c.o
 .comment       0x0000000000000057       0x58 build/pl_uart_c.o
 .comment       0x0000000000000057       0x58 build/gic_v2_c.o
 .comment       0x0000000000000057       0x58 build/kernel_c.o

.debug_frame    0x0000000000000000      0x430
 .debug_frame   0x0000000000000000       0xd0 build/printk_c.o
 .debug_frame   0x00000000000000d0       0x50 build/string_c.o
 .debug_frame   0x0000000000000120       0xc0 build/pl_uart_c.o
 .debug_frame   0x00000000000001e0      0x1a8 build/gic_v2_c.o
 .debug_frame   0x0000000000000388       0xa8 build/kernel_c.o
