
Memory Configuration

Name             Origin             Length             Attributes
*default*        0x0000000000000000 0xffffffffffffffff

Linker script and memory map

                0x0000000000090000                TEXT_ROM = 0x90000
                0x0000000000080000                . = 0x80000
                0x0000000000080000                _text_boot = .

.text.boot      0x0000000000080000       0xe0
 *(.text.boot)
 .text.boot     0x0000000000080000       0xe0 build/boot_s.o
                0x0000000000080000                _start
                0x00000000000800e0                _etext_boot = .
                0x00000000000800e0                _text = .

.text           0x0000000000080800     0x2030
 *(.text)
 .text          0x0000000000080800       0x9c build/kernel_c.o
                0x0000000000080800                bad_mode
                0x0000000000080850                kernel_main
 .text          0x000000000008089c      0x24c build/pl_uart_c.o
                0x000000000008089c                uart_send
                0x00000000000808ec                putchar
                0x000000000008090c                uart_recv
                0x0000000000080954                uart_send_string
                0x00000000000809b0                uart_init
 .text          0x0000000000080ae8     0x11c0 build/printk_c.o
                0x0000000000080f44                myprintf
                0x0000000000081aac                init_printk_done
                0x0000000000081b34                printk
 .text          0x0000000000081ca8       0xa8 build/string_c.o
                0x0000000000081ca8                strlen
                0x0000000000081cec                memcpy
 .text          0x0000000000081d50        0x0 build/asm_test_s.o
 .text          0x0000000000081d50        0x0 build/boot_s.o
 .text          0x0000000000081d50       0xe8 build/early_uart_s.o
                0x0000000000081d50                __init_uart
                0x0000000000081db4                put_uart
                0x0000000000081dd4                put_string_uart
 *fill*         0x0000000000081e38      0x1c8 
 .text          0x0000000000082000      0x820 build/entry_s.o
                0x0000000000082000                vectors
                0x0000000000082809                assert_alignment
 .text          0x0000000000082820       0x10 build/mm_s.o
                0x0000000000082820                memzero
                0x0000000000082830                _etext = .
                0x0000000000082830                _rodata = .

.iplt           0x0000000000082830        0x0
 .iplt          0x0000000000082830        0x0 build/kernel_c.o

.rodata         0x0000000000082830      0x16d
 *(.rodata)
 .rodata        0x0000000000082830       0xd8 build/kernel_c.o
 .rodata        0x0000000000082908       0x57 build/printk_c.o
 *fill*         0x000000000008295f        0x1 
 .rodata        0x0000000000082960       0x3d build/boot_s.o
                0x0000000000082960                el_string1
                0x000000000008296e                el_string2
                0x000000000008297f                el_string3
                0x000000000008299d                _erodata = .
                0x000000000008299d                _data = .

.rela.dyn       0x00000000000829a0        0x0
 .rela.iplt     0x00000000000829a0        0x0 build/kernel_c.o
 .rela.text.boot
                0x00000000000829a0        0x0 build/kernel_c.o

.data           0x00000000000829a0        0x8
 *(.data)
 .data          0x00000000000829a0        0x0 build/kernel_c.o
 .data          0x00000000000829a0        0x0 build/pl_uart_c.o
 .data          0x00000000000829a0        0x8 build/printk_c.o
 .data          0x00000000000829a8        0x0 build/string_c.o
 .data          0x00000000000829a8        0x0 build/asm_test_s.o
 .data          0x00000000000829a8        0x0 build/boot_s.o
 .data          0x00000000000829a8        0x0 build/early_uart_s.o
 .data          0x00000000000829a8        0x0 build/entry_s.o
 .data          0x00000000000829a8        0x0 build/mm_s.o
                0x00000000000829a8                _edata = .

.igot.plt       0x00000000000829a8        0x0
 .igot.plt      0x00000000000829a8        0x0 build/kernel_c.o
                0x00000000000829a8                . = ALIGN (0x8)
                0x00000000000829a8                _bss = .

.bss            0x00000000000829a8    0x20410
 *(.bss*)
 .bss           0x00000000000829a8        0x0 build/kernel_c.o
 .bss           0x00000000000829a8        0x0 build/pl_uart_c.o
 .bss           0x00000000000829a8    0x20410 build/printk_c.o
 .bss           0x00000000000a2db8        0x0 build/string_c.o
 .bss           0x00000000000a2db8        0x0 build/asm_test_s.o
 .bss           0x00000000000a2db8        0x0 build/boot_s.o
 .bss           0x00000000000a2db8        0x0 build/early_uart_s.o
 .bss           0x00000000000a2db8        0x0 build/entry_s.o
 .bss           0x00000000000a2db8        0x0 build/mm_s.o
                0x00000000000a2db8                _ebss = .
                0x00000000000a3000                . = ALIGN (0x1000)
                0x00000000000a3000                init_pg_dir = .
                0x00000000000a4000                . = (. + 0x1000)
LOAD build/kernel_c.o
LOAD build/pl_uart_c.o
LOAD build/printk_c.o
LOAD build/string_c.o
LOAD build/asm_test_s.o
LOAD build/boot_s.o
LOAD build/early_uart_s.o
LOAD build/entry_s.o
LOAD build/mm_s.o
OUTPUT(build/benos.elf elf64-littleaarch64)
LOAD linker stubs

.debug_info     0x0000000000000000      0xbb4
 .debug_info    0x0000000000000000      0x229 build/kernel_c.o
 .debug_info    0x0000000000000229      0x30e build/pl_uart_c.o
 .debug_info    0x0000000000000537      0x4dd build/printk_c.o
 .debug_info    0x0000000000000a14       0xfd build/string_c.o
 .debug_info    0x0000000000000b11       0x29 build/boot_s.o
 .debug_info    0x0000000000000b3a       0x29 build/early_uart_s.o
 .debug_info    0x0000000000000b63       0x29 build/entry_s.o
 .debug_info    0x0000000000000b8c       0x28 build/mm_s.o

.debug_abbrev   0x0000000000000000      0x5a4
 .debug_abbrev  0x0000000000000000      0x1ce build/kernel_c.o
 .debug_abbrev  0x00000000000001ce       0xea build/pl_uart_c.o
 .debug_abbrev  0x00000000000002b8      0x1e2 build/printk_c.o
 .debug_abbrev  0x000000000000049a       0xba build/string_c.o
 .debug_abbrev  0x0000000000000554       0x14 build/boot_s.o
 .debug_abbrev  0x0000000000000568       0x14 build/early_uart_s.o
 .debug_abbrev  0x000000000000057c       0x14 build/entry_s.o
 .debug_abbrev  0x0000000000000590       0x14 build/mm_s.o

.debug_aranges  0x0000000000000000      0x180
 .debug_aranges
                0x0000000000000000       0x30 build/kernel_c.o
 .debug_aranges
                0x0000000000000030       0x30 build/pl_uart_c.o
 .debug_aranges
                0x0000000000000060       0x30 build/printk_c.o
 .debug_aranges
                0x0000000000000090       0x30 build/string_c.o
 .debug_aranges
                0x00000000000000c0       0x30 build/boot_s.o
 .debug_aranges
                0x00000000000000f0       0x30 build/early_uart_s.o
 .debug_aranges
                0x0000000000000120       0x30 build/entry_s.o
 .debug_aranges
                0x0000000000000150       0x30 build/mm_s.o

.debug_line     0x0000000000000000      0x882
 .debug_line    0x0000000000000000       0x74 build/kernel_c.o
 .debug_line    0x0000000000000074       0xe4 build/pl_uart_c.o
 .debug_line    0x0000000000000158      0x4e0 build/printk_c.o
 .debug_line    0x0000000000000638       0x8e build/string_c.o
 .debug_line    0x00000000000006c6       0x7c build/boot_s.o
 .debug_line    0x0000000000000742       0x75 build/early_uart_s.o
 .debug_line    0x00000000000007b7       0x7d build/entry_s.o
 .debug_line    0x0000000000000834       0x4e build/mm_s.o

.debug_str      0x0000000000000000      0x2e9
 .debug_str     0x0000000000000000       0xdf build/kernel_c.o
                                        0x110 (size before relaxing)
 .debug_str     0x00000000000000df       0x22 build/pl_uart_c.o
                                         0x88 (size before relaxing)
 .debug_str     0x0000000000000101      0x181 build/printk_c.o
                                        0x239 (size before relaxing)
 .debug_str     0x0000000000000282        0xb build/string_c.o
                                         0x68 (size before relaxing)
 .debug_str     0x000000000000028d       0x42 build/boot_s.o
 .debug_str     0x00000000000002cf        0xd build/early_uart_s.o
                                         0x48 (size before relaxing)
 .debug_str     0x00000000000002dc        0x8 build/entry_s.o
                                         0x43 (size before relaxing)
 .debug_str     0x00000000000002e4        0x5 build/mm_s.o
                                         0x40 (size before relaxing)

.debug_line_str
                0x0000000000000000      0x178
 .debug_line_str
                0x0000000000000000       0x47 build/kernel_c.o
                                         0x94 (size before relaxing)
 .debug_line_str
                0x0000000000000047        0xe build/pl_uart_c.o
                                         0x88 (size before relaxing)
 .debug_line_str
                0x0000000000000055       0xf5 build/printk_c.o
                                        0x174 (size before relaxing)
 .debug_line_str
                0x000000000000014a        0xd build/string_c.o
                                         0x85 (size before relaxing)
 .debug_line_str
                0x0000000000000157        0x7 build/boot_s.o
                                         0x16 (size before relaxing)
 .debug_line_str
                0x000000000000015e        0xd build/early_uart_s.o
                                         0x22 (size before relaxing)
 .debug_line_str
                0x000000000000016b        0x8 build/entry_s.o
                                         0x18 (size before relaxing)
 .debug_line_str
                0x0000000000000173        0x5 build/mm_s.o
                                         0x12 (size before relaxing)

.comment        0x0000000000000000       0x57
 .comment       0x0000000000000000       0x57 build/kernel_c.o
                                         0x58 (size before relaxing)
 .comment       0x0000000000000057       0x58 build/pl_uart_c.o
 .comment       0x0000000000000057       0x58 build/printk_c.o
 .comment       0x0000000000000057       0x58 build/string_c.o

.debug_frame    0x0000000000000000      0x238
 .debug_frame   0x0000000000000000       0x58 build/kernel_c.o
 .debug_frame   0x0000000000000058       0xc0 build/pl_uart_c.o
 .debug_frame   0x0000000000000118       0xd0 build/printk_c.o
 .debug_frame   0x00000000000001e8       0x50 build/string_c.o
