
Memory Configuration

Name             Origin             Length             Attributes
*default*        0x0000000000000000 0xffffffffffffffff

Linker script and memory map

                0xffff000000080000                . = 0xffff000000080000

.text.boot      0xffff000000080000       0x30
 *(.text.boot)
 .text.boot     0xffff000000080000       0x30 build/boot_s.o
                0xffff000000080000                _start

.text           0xffff000000080030      0x2b8
 *(.text)
 .text          0xffff000000080030      0x228 build/pl_uart_c.o
                0xffff000000080030                uart_send
                0xffff000000080080                uart_recv
                0xffff0000000800c8                uart_send_string
                0xffff000000080120                uart_init
 .text          0xffff000000080258       0x3c build/kernel_c.o
                0xffff000000080258                kernel_main
 .text          0xffff000000080294       0x10 build/mm_s.o
                0xffff000000080294                memzero
 .text          0xffff0000000802a4        0x0 build/boot_s.o
 *fill*         0xffff0000000802a4        0x4 
 .text          0xffff0000000802a8       0x40 build/asm_test_s.o
                0xffff0000000802a8                my_test_data
                0xffff0000000802b0                test_adr

.iplt           0xffff0000000802e8        0x0
 .iplt          0xffff0000000802e8        0x0 build/pl_uart_c.o

.rodata         0xffff0000000802e8       0x1c
 *(.rodata)
 .rodata        0xffff0000000802e8       0x1c build/kernel_c.o

.rela.dyn       0xffff000000080308        0x0
 .rela.iplt     0xffff000000080308        0x0 build/pl_uart_c.o

.data           0xffff000000080304        0x0
 *(.data)
 .data          0xffff000000080304        0x0 build/pl_uart_c.o
 .data          0xffff000000080304        0x0 build/kernel_c.o
 .data          0xffff000000080304        0x0 build/mm_s.o
 .data          0xffff000000080304        0x0 build/boot_s.o
 .data          0xffff000000080304        0x0 build/asm_test_s.o

.igot.plt       0xffff000000080308        0x0
 .igot.plt      0xffff000000080308        0x0 build/pl_uart_c.o
                0xffff000000080308                . = ALIGN (0x8)
                0xffff000000080308                bss_begin = .

.bss            0xffff000000080308        0x0
 *(.bss*)
 .bss           0xffff000000080308        0x0 build/pl_uart_c.o
 .bss           0xffff000000080308        0x0 build/kernel_c.o
 .bss           0xffff000000080308        0x0 build/mm_s.o
 .bss           0xffff000000080308        0x0 build/boot_s.o
 .bss           0xffff000000080308        0x0 build/asm_test_s.o
                0xffff000000080308                bss_end = .
                0xffff000000081000                . = ALIGN (0x1000)
                0xffff000000081000                init_pg_dir = .
                0xffff000000082000                . = (. + 0x1000)
LOAD build/pl_uart_c.o
LOAD build/kernel_c.o
LOAD build/mm_s.o
LOAD build/boot_s.o
LOAD build/asm_test_s.o
OUTPUT(build/benos.elf elf64-littleaarch64)

.debug_info     0x0000000000000000      0x461
 .debug_info    0x0000000000000000      0x2e1 build/pl_uart_c.o
 .debug_info    0x00000000000002e1       0x61 build/kernel_c.o
 .debug_info    0x0000000000000342       0x5d build/mm_s.o
 .debug_info    0x000000000000039f       0x5f build/boot_s.o
 .debug_info    0x00000000000003fe       0x63 build/asm_test_s.o

.debug_abbrev   0x0000000000000000      0x160
 .debug_abbrev  0x0000000000000000       0xdc build/pl_uart_c.o
 .debug_abbrev  0x00000000000000dc       0x48 build/kernel_c.o
 .debug_abbrev  0x0000000000000124       0x14 build/mm_s.o
 .debug_abbrev  0x0000000000000138       0x14 build/boot_s.o
 .debug_abbrev  0x000000000000014c       0x14 build/asm_test_s.o

.debug_aranges  0x0000000000000000       0xf0
 .debug_aranges
                0x0000000000000000       0x30 build/pl_uart_c.o
 .debug_aranges
                0x0000000000000030       0x30 build/kernel_c.o
 .debug_aranges
                0x0000000000000060       0x30 build/mm_s.o
 .debug_aranges
                0x0000000000000090       0x30 build/boot_s.o
 .debug_aranges
                0x00000000000000c0       0x30 build/asm_test_s.o

.debug_line     0x0000000000000000      0x191
 .debug_line    0x0000000000000000       0x7d build/pl_uart_c.o
 .debug_line    0x000000000000007d       0x48 build/kernel_c.o
 .debug_line    0x00000000000000c5       0x3d build/mm_s.o
 .debug_line    0x0000000000000102       0x47 build/boot_s.o
 .debug_line    0x0000000000000149       0x48 build/asm_test_s.o

.debug_str      0x0000000000000000       0xd5
 .debug_str     0x0000000000000000       0xaa build/pl_uart_c.o
                                         0xb7 (size before relaxing)
 .debug_str     0x00000000000000aa       0x2b build/kernel_c.o
                                         0x8a (size before relaxing)

.comment        0x0000000000000000       0x24
 .comment       0x0000000000000000       0x24 build/pl_uart_c.o
                                         0x25 (size before relaxing)
 .comment       0x0000000000000024       0x25 build/kernel_c.o

.note.GNU-stack
                0x0000000000000000        0x0
 .note.GNU-stack
                0x0000000000000000        0x0 build/pl_uart_c.o
 .note.GNU-stack
                0x0000000000000000        0x0 build/kernel_c.o

.debug_frame    0x0000000000000000       0xd0
 .debug_frame   0x0000000000000000       0x98 build/pl_uart_c.o
 .debug_frame   0x0000000000000098       0x38 build/kernel_c.o
